
> webapp@0.1.0 build
> next build

▲ Next.js 16.3.3 (Turbopack)
✓ Running next.config.ts took 136ms

  Creating an optimized production build ...
✓ Compiled successfully in 3.4s
  Running TypeScript ...
  Finished TypeScript in 4.8s ...
  Collecting page data using 11 workers ...
  Generating static pages using 11 workers (0/10) ...
  Generating static pages using 11 workers (2/10) 
  Generating static pages using 11 workers (4/10) 
  Generating static pages using 11 workers (7/10) 
✓ Generating static pages using 11 workers (10/10) in 1944ms
  Finalizing page optimization ...

Route (app)
┌ ○ /
├ ○ /_not-found
├ ○ /academy
├ ƒ /api/commitments
├ ƒ /api/commitments/extract
├ ƒ /api/escalations/smart
├ ○ /dashboard
└ ○ /inbox


○  (Static)   prerendered as static content
ƒ  (Dynamic)  server-rendered on demand

