Retrieving project…
Deploying manoj-3928s-projects/no-reminder
Uploading [--------------------] (0.0B/124.3KB)
Uploading [======--------------] (39.8KB/124.3KB)
Uploading [===========---------] (71.8KB/124.3KB)
Uploading [================----] (103.8KB/124.3KB)
Uploading [====================] (124.3KB/124.3KB)
Inspect: https://vercel.com/manoj-3928s-projects/no-reminder/FWYRPmoJ3esmLBf56bSDhsWguyYU [5s]
Production: https://no-reminder-otyw03vey-manoj-3928s-projects.vercel.app [5s]
Building...
Building...
Building: Running build in Washington, D.C., USA (East) – iad1
Building: Build machine configuration: 2 cores, 8 GB
Building: Retrieving list of deployment files...
Building: Downloading 58 deployment files...
Building: Restored build cache from previous deployment (8GeZkmzmXN96vJ1tZkgxmJ1TYu9R)
Building: Running "vercel build"
Building: Vercel CLI 59.3.0
Building: Installing dependencies...
Building: up to date in 887ms
Building: 148 packages are looking for funding
Building: run `npm fund` for details
Building: npm warn allow-scripts 1 package has install scripts not yet covered by allowScripts:
Building: npm warn allow-scripts   unrs-resolver@1.12.2 (postinstall: node postinstall.js)
Building: npm warn allow-scripts
Building: npm warn allow-scripts Run `npm approve-scripts --allow-scripts-pending` to review, or `npm approve-scripts <pkg>` to allow.
Building: Detected Next.js version: 16.3.3
Building: Running "npm run build"
Building: > webapp@0.1.0 build
Building: > next build
Building: ▲ Next.js 16.3.3 (Turbopack)
Building: Applying modifyConfig from Vercel
Building: ✓ Running next.config.ts took 210ms
Building: Creating an optimized production build ...
Building: ✓ Compiled successfully in 1776ms
Building: Running TypeScript ...
Building: Finished TypeScript in 3.3s ...
Building: Collecting page data using 1 worker ...
Building: Generating static pages using 1 worker (0/9) ...
Building: Generating static pages using 1 worker (2/9)
Building: Generating static pages using 1 worker (4/9)
Building: Generating static pages using 1 worker (6/9)
Building: ✓ Generating static pages using 1 worker (9/9) in 184ms
Building: Finalizing page optimization ...
Building: Running onBuildComplete from Vercel
Building: Route (app)
Building: ┌ ○ /
Building: ├ ○ /_not-found
Building: ├ ○ /academy
Building: ├ ƒ /api/commitments
Building: ├ ƒ /api/commitments/extract
Building: ├ ƒ /api/escalations/smart
Building: └ ○ /dashboard
Building: ○  (Static)   prerendered as static content
Building: ƒ  (Dynamic)  server-rendered on demand
Building: Build Completed in /vercel/output [9s]
Building: Deploying outputs...
Building: Deployment completed
Building: Creating build cache...
[2K[1A[2K[GProduction: https://no-reminder-otyw03vey-manoj-3928s-projects.vercel.app [26s]
Completing...
Aliased: https://www.noreminder.com [26s]
{
  "status": "ok",
  "deployment": {
    "id": "dpl_FWYRPmoJ3esmLBf56bSDhsWguyYU",
    "url": "https://no-reminder-otyw03vey-manoj-3928s-projects.vercel.app",
    "inspectorUrl": "https://vercel.com/manoj-3928s-projects/no-reminder/FWYRPmoJ3esmLBf56bSDhsWguyYU",
    "readyState": "READY",
    "target": "production",
    "deploymentApiUrl": "https://api.vercel.com/v13/deployments/dpl_FWYRPmoJ3esmLBf56bSDhsWguyYU"
  },
  "message": "Deployment no-reminder-otyw03vey-manoj-3928s-projects.vercel.app ready.",
  "next": [
    {
      "command": "vercel inspect no-reminder-otyw03vey-manoj-3928s-projects.vercel.app --scope manoj-3928s-projects",
      "when": "Inspect deployment"
    },
    {
      "command": "vercel deploy --prod --scope manoj-3928s-projects",
      "when": "Promote to production"
    }
  ]
}
