Retrieving project…
Deploying manoj-3928s-projects/no-reminder
Uploading [--------------------] (0.0B/165.4KB)
Uploading [=====---------------] (44.9KB/165.4KB)
Uploading [===========---------] (92.9KB/165.4KB)
Uploading [===============-----] (124.9KB/165.4KB)
Uploading [====================] (165.4KB/165.4KB)
Inspect: https://vercel.com/manoj-3928s-projects/no-reminder/F34LkDmgS2RJL6URmvJFYNyeVwax [4s]
Production: https://no-reminder-971c6zsq9-manoj-3928s-projects.vercel.app [4s]
Building...
Building...
Building: Running build in Washington, D.C., USA (East) – iad1
Building: Build machine configuration: 2 cores, 8 GB
Building: Retrieving list of deployment files...
Building: Downloading 63 deployment files...
Building: Restored build cache from previous deployment (FWYRPmoJ3esmLBf56bSDhsWguyYU)
Building: Running "vercel build"
Building: Vercel CLI 59.3.0
Building: Installing dependencies...
Building: up to date in 1s
Building: 148 packages are looking for funding
Building: run `npm fund` for details
Building: npm warn allow-scripts 1 package has install scripts not yet covered by allowScripts:
Building: npm warn allow-scripts   unrs-resolver@1.12.2 (postinstall: node postinstall.js)
Building: npm warn allow-scripts
Building: npm warn allow-scripts Run `npm approve-scripts --allow-scripts-pending` to review, or `npm approve-scripts <pkg>` to allow.
Building: Detected Next.js version: 16.3.3
Building: Running "npm run build"
Building: > webapp@0.1.0 build
Building: > next build
Building: ▲ Next.js 16.3.3 (Turbopack)
Building: Applying modifyConfig from Vercel
Building: ✓ Running next.config.ts took 229ms
Building: Creating an optimized production build ...
Building: ✓ Compiled successfully in 2.1s
Building: Running TypeScript ...
Building: Finished TypeScript in 3.4s ...
Building: Collecting page data using 1 worker ...
Building: Generating static pages using 1 worker (0/10) ...
Building: Generating static pages using 1 worker (2/10)
Building: Generating static pages using 1 worker (4/10)
Building: Generating static pages using 1 worker (7/10)
Building: ✓ Generating static pages using 1 worker (10/10) in 194ms
Building: Finalizing page optimization ...
Building: Running onBuildComplete from Vercel
Building: Route (app)
Building: ┌ ○ /
Building: ├ ○ /_not-found
Building: ├ ○ /academy
Building: ├ ƒ /api/commitments
Building: ├ ƒ /api/commitments/extract
Building: ├ ƒ /api/escalations/smart
Building: ├ ○ /dashboard
Building: └ ○ /inbox
Building: ○  (Static)   prerendered as static content
Building: ƒ  (Dynamic)  server-rendered on demand
Building: Build Completed in /vercel/output [10s]
Building: Deploying outputs...
Building: Deployment completed
Building: Creating build cache...
[2K[1A[2K[GProduction: https://no-reminder-971c6zsq9-manoj-3928s-projects.vercel.app [25s]
Completing...
Aliased: https://www.noreminder.com [25s]
{
  "status": "ok",
  "deployment": {
    "id": "dpl_F34LkDmgS2RJL6URmvJFYNyeVwax",
    "url": "https://no-reminder-971c6zsq9-manoj-3928s-projects.vercel.app",
    "inspectorUrl": "https://vercel.com/manoj-3928s-projects/no-reminder/F34LkDmgS2RJL6URmvJFYNyeVwax",
    "readyState": "READY",
    "target": "production",
    "deploymentApiUrl": "https://api.vercel.com/v13/deployments/dpl_F34LkDmgS2RJL6URmvJFYNyeVwax"
  },
  "message": "Deployment no-reminder-971c6zsq9-manoj-3928s-projects.vercel.app ready.",
  "next": [
    {
      "command": "vercel inspect no-reminder-971c6zsq9-manoj-3928s-projects.vercel.app --scope manoj-3928s-projects",
      "when": "Inspect deployment"
    },
    {
      "command": "vercel deploy --prod --scope manoj-3928s-projects",
      "when": "Promote to production"
    }
  ]
}
