Retrieving project…
Deploying manoj-3928s-projects/no-reminder
Uploading [--------------------] (0.0B/8.8KB)
Uploading [=====---------------] (2.6KB/8.8KB)
Uploading [=============-------] (6.1KB/8.8KB)
Uploading [====================] (8.8KB/8.8KB)
Inspect: https://vercel.com/manoj-3928s-projects/no-reminder/F4txVtMwW69eJt4nYs85HK6uFU4V [3s]
Production: https://no-reminder-5fkw5l8em-manoj-3928s-projects.vercel.app [3s]
Building...
Building...
Building: Running build in Washington, D.C., USA (East) – iad1
Building: Build machine configuration: 2 cores, 8 GB
Building: Retrieving list of deployment files...
Building: Downloading 71 deployment files...
Building: Restored build cache from previous deployment (2Y3VbEggqUt4uPVUR3hDqJf8TusT)
Building: Running "vercel build"
Building: Vercel CLI 59.3.0
Building: Installing dependencies...
Building: up to date in 960ms
Building: 148 packages are looking for funding
Building: run `npm fund` for details
Building: npm warn allow-scripts 1 package has install scripts not yet covered by allowScripts:
Building: npm warn allow-scripts   unrs-resolver@1.12.2 (postinstall: node postinstall.js)
Building: npm warn allow-scripts
Building: npm warn allow-scripts Run `npm approve-scripts --allow-scripts-pending` to review, or `npm approve-scripts <pkg>` to allow.
Building: Detected Next.js version: 16.3.3
Building: Running "npm run build"
Building: > webapp@0.1.0 build
Building: > next build
Building: ▲ Next.js 16.3.3 (Turbopack)
Building: Applying modifyConfig from Vercel
Building: ✓ Running next.config.ts took 211ms
Building: Creating an optimized production build ...
Building: ✓ Compiled successfully in 2.4s
Building: Running TypeScript ...
Building: Finished TypeScript in 3.5s ...
Building: Collecting page data using 1 worker ...
Building: Generating static pages using 1 worker (0/11) ...
Building: Generating static pages using 1 worker (2/11)
Building: Generating static pages using 1 worker (5/11)
Building: Generating static pages using 1 worker (8/11)
Building: ✓ Generating static pages using 1 worker (11/11) in 211ms
Building: Finalizing page optimization ...
Building: Running onBuildComplete from Vercel
Building: Route (app)
Building: ┌ ○ /
Building: ├ ○ /_not-found
Building: ├ ○ /academy
Building: ├ ƒ /api/commitments
Building: ├ ƒ /api/commitments/extract
Building: ├ ƒ /api/escalations/smart
Building: ├ ○ /dashboard
Building: ├ ○ /inbox
Building: └ ○ /onboarding
Building: ○  (Static)   prerendered as static content
Building: ƒ  (Dynamic)  server-rendered on demand
Building: Build Completed in /vercel/output [11s]
Building: Deploying outputs...
Building: Deployment completed
Building: Creating build cache...
[2K[1A[2K[GProduction: https://no-reminder-5fkw5l8em-manoj-3928s-projects.vercel.app [42s]
Completing...
Aliased: https://www.noreminder.com [42s]
{
  "status": "ok",
  "deployment": {
    "id": "dpl_F4txVtMwW69eJt4nYs85HK6uFU4V",
    "url": "https://no-reminder-5fkw5l8em-manoj-3928s-projects.vercel.app",
    "inspectorUrl": "https://vercel.com/manoj-3928s-projects/no-reminder/F4txVtMwW69eJt4nYs85HK6uFU4V",
    "readyState": "READY",
    "target": "production",
    "deploymentApiUrl": "https://api.vercel.com/v13/deployments/dpl_F4txVtMwW69eJt4nYs85HK6uFU4V"
  },
  "message": "Deployment no-reminder-5fkw5l8em-manoj-3928s-projects.vercel.app ready.",
  "next": [
    {
      "command": "vercel inspect no-reminder-5fkw5l8em-manoj-3928s-projects.vercel.app --scope manoj-3928s-projects",
      "when": "Inspect deployment"
    },
    {
      "command": "vercel deploy --prod --scope manoj-3928s-projects",
      "when": "Promote to production"
    }
  ]
}
