Retrieving project…
Deploying manoj-3928s-projects/no-reminder
Uploading [--------------------] (0.0B/21.3KB)
Uploading [==========----------] (10.9KB/21.3KB)
Uploading [=============-------] (14.4KB/21.3KB)
Uploading [===============-----] (16.3KB/21.3KB)
Uploading [====================] (21.3KB/21.3KB)
Inspect: https://vercel.com/manoj-3928s-projects/no-reminder/56DSEU4wKgq7bdbFjVbVMYWYfiHF [3s]
Production: https://no-reminder-b6qtm3zpn-manoj-3928s-projects.vercel.app [3s]
Building...
Building...
Building: Running build in Washington, D.C., USA (East) – iad1
Building: Build machine configuration: 2 cores, 8 GB
Building: Retrieving list of deployment files...
Building: Downloading 74 deployment files...
Building: Restored build cache from previous deployment (4z1VvTdSUeTDaFwQzQGvD7TyKMBz)
Building: Running "vercel build"
Building: Vercel CLI 59.3.0
Building: Installing dependencies...
Building: up to date in 994ms
Building: 148 packages are looking for funding
Building: run `npm fund` for details
Building: npm warn allow-scripts 1 package has install scripts not yet covered by allowScripts:
Building: npm warn allow-scripts   unrs-resolver@1.12.2 (postinstall: node postinstall.js)
Building: npm warn allow-scripts
Building: npm warn allow-scripts Run `npm approve-scripts --allow-scripts-pending` to review, or `npm approve-scripts <pkg>` to allow.
Building: Detected Next.js version: 16.3.3
Building: Running "npm run build"
Building: > webapp@0.1.0 build
Building: > next build
Building: ▲ Next.js 16.3.3 (Turbopack)
Building: Applying modifyConfig from Vercel
Building: ✓ Running next.config.ts took 227ms
Building: Creating an optimized production build ...
Building: > Build error occurred
Building: Error: Turbopack build failed with 1 error:
Building: ./src/app/onboarding/page.tsx:109:1
Building: Error: Unexpected token. Did you mean `{'}'}` or `&rbrace;`?
Building: 107 |     </div>
Building: 108 |   );
Building: > 109 | }
Building: | ^
Building: 110 |
Building: Parsing ecmascript source code failed
Building: at <unknown> (./src/app/onboarding/page.tsx:109:1)
Building: Error: Command "npm run build" exited with 1
{
  "id": "dpl_56DSEU4wKgq7bdbFjVbVMYWYfiHF",
  "url": "https://no-reminder-b6qtm3zpn-manoj-3928s-projects.vercel.app",
  "inspectorUrl": "https://vercel.com/manoj-3928s-projects/no-reminder/56DSEU4wKgq7bdbFjVbVMYWYfiHF",
  "readyState": "ERROR",
  "target": "production",
  "deploymentApiUrl": "https://api.vercel.com/v13/deployments/dpl_56DSEU4wKgq7bdbFjVbVMYWYfiHF",
  "error": {
    "name": "BUILD_ERROR",
    "message": "Command \"npm run build\" exited with 1"
  }
}
